// Jest Snapshot v1, https://goo.gl/fbAQLP

exports[`mutations SET_POLL should set poll to expected path 1`] = `
Object {
  "polls": Object {
    "28": Object {
      "choices": Array [
        Object {
          "choice_text": "항목을 입력하세요",
          "id": "5",
          "poll_id": 28,
          "votes_count": 0,
        },
        Object {
          "choice_text": "항목을 입력하세요",
          "id": "6",
          "poll_id": 28,
          "votes_count": 0,
        },
        Object {
          "choice_text": "항목을 입력하세요",
          "id": "7",
          "poll_id": 28,
          "votes_count": 0,
        },
      ],
      "created_at": "2019-06-18T15:28:29.909356",
      "ends_at": "2019-06-21T00:00:00",
      "id": "28",
      "poll_title": "TEST",
      "starts_at": "2019-06-18T15:28:29.909377",
    },
  },
}
`;
