// Jest Snapshot v1, https://goo.gl/fbAQLP

exports[`Home.vue renders as expected 1`] = `
<section class="container home">
  <h1>Home</h1>
</section>
`;
