// Jest Snapshot v1, https://goo.gl/fbAQLP

exports[`Polls.vue renders as expected 1`] = `
<section class="container polls">
  <h1>All Polls</h1>
  <div class="v-input v-text-field theme--light">
    <div class="v-input__control">
      <div class="v-input__slot">
        <div class="v-text-field__slot"><label aria-hidden="true" class="v-label theme--light" style="left: 0px; position: absolute;">Poll title</label><input aria-label="Poll title" type="text"></div>
      </div>
      <div class="v-text-field__details">
        <div class="v-messages theme--light">
          <div class="v-messages__wrapper"></div>
        </div>
      </div>
    </div>
  </div> <button disabled="disabled" type="button" class="v-btn v-btn--block v-btn--disabled v-btn--large theme--light primary--text">
    <div class="v-btn__content">Create</div>
  </button>
  <article class="poll my-4 v-card v-sheet theme--light">
    <div class="v-card__title title">
      safdasfsdfaghf
    </div>
    <div class="v-card__text">
      <dl>
        <dt><small>시작</small></dt>
        <dd>2019-06-18 10:58</dd>
        <dt><small>종료</small></dt>
        <dd>
          2019-06-21 00:00
        </dd>
      </dl>
    </div>
  </article>
  <article class="poll my-4 v-card v-sheet theme--light">
    <div class="v-card__title title">
      TEST
    </div>
    <div class="v-card__text">
      <dl>
        <dt><small>시작</small></dt>
        <dd>2019-06-18 13:33</dd>
        <dt><small>종료</small></dt>
        <dd>
          2019-06-21 00:00
        </dd>
      </dl>
    </div>
  </article>
  <article class="poll my-4 v-card v-sheet theme--light">
    <div class="v-card__title title">
      TEST
    </div>
    <div class="v-card__text">
      <dl>
        <dt><small>시작</small></dt>
        <dd>2019-06-18 15:28</dd>
        <dt><small>종료</small></dt>
        <dd>
          2019-06-21 00:00
        </dd>
      </dl>
    </div>
  </article>
  <article class="poll my-4 v-card v-sheet theme--light">
    <div class="v-card__title title">
      TEST
    </div>
    <div class="v-card__text">
      <dl>
        <dt><small>시작</small></dt>
        <dd>2019-06-18 15:30</dd>
        <dt><small>종료</small></dt>
        <dd>
          2019-06-21 00:00
        </dd>
      </dl>
    </div>
  </article>
  <article class="poll my-4 v-card v-sheet theme--light">
    <div class="v-card__title title">
      TEST
    </div>
    <div class="v-card__text">
      <dl>
        <dt><small>시작</small></dt>
        <dd>2019-06-18 12:00</dd>
        <dt><small>종료</small></dt>
        <dd>
          2019-06-25 12:00
        </dd>
      </dl>
    </div>
  </article>
</section>
`;
